\BOOKMARK [1][-]{section.1}{\376\377\000P\000a\000r\000t\000e\000\040\000A\000\040\040\024\000\040\000P\000r\000o\000p\000i\000e\000d\000a\000d\000e\000s\000\040\000d\000e\000l\000\040\000c\000\363\000d\000i\000g\000o}{}% 1
\BOOKMARK [2][-]{subsection.1.1}{\376\377\000M\000a\000t\000r\000i\000c\000e\000s\000\040\000y\000\040\000p\000a\000r\000\341\000m\000e\000t\000r\000o\000s}{section.1}% 2
\BOOKMARK [2][-]{subsection.1.2}{\376\377\000D\000i\000m\000e\000n\000s\000i\000\363\000n\000\040\000y\000\040\000t\000a\000s\000a}{section.1}% 3
\BOOKMARK [2][-]{subsection.1.3}{\376\377\000O\000v\000e\000r\000h\000e\000a\000d}{section.1}% 4
\BOOKMARK [2][-]{subsection.1.4}{\376\377\000C\000o\000d\000i\000f\000i\000c\000a\000c\000i\000\363\000n\000\040\000d\000e\000\040\000i\000n\000f\000o\000r\000m\000a\000c\000i\000\363\000n\000\040\000d\000e\000\040\000p\000r\000u\000e\000b\000a}{section.1}% 5
\BOOKMARK [2][-]{subsection.1.5}{\376\377\000D\000i\000s\000t\000a\000n\000c\000i\000a\000\040\000m\000\355\000n\000i\000m\000a\000\040\000y\000\040\000c\000a\000p\000a\000c\000i\000d\000a\000d\000\040\000d\000e\000\040\000c\000o\000r\000r\000e\000c\000c\000i\000\363\000n}{section.1}% 6
\BOOKMARK [3][-]{subsubsection.1.5.1}{\376\377\000D\000i\000s\000t\000a\000n\000c\000i\000a\000\040\000m\000\355\000n\000i\000m\000a}{subsection.1.5}% 7
\BOOKMARK [3][-]{subsubsection.1.5.2}{\376\377\000C\000a\000p\000a\000c\000i\000d\000a\000d\000\040\000d\000e\000\040\000d\000e\000t\000e\000c\000c\000i\000\363\000n}{subsection.1.5}% 8
\BOOKMARK [2][-]{subsection.1.6}{\376\377\000D\000e\000t\000a\000l\000l\000e\000s\000\040\000d\000e\000l\000\040\000c\000\363\000d\000i\000g\000o}{section.1}% 9
\BOOKMARK [3][-]{subsubsection.1.6.1}{\376\377\000M\000i\000s\000c\000o\000r\000r\000e\000c\000t\000i\000o\000n}{subsection.1.6}% 10
\BOOKMARK [2][-]{subsection.1.7}{\376\377\000D\000e\000c\000o\000d\000i\000f\000i\000c\000a\000c\000i\000\363\000n\000\040\000m\000a\000n\000u\000a\000l}{section.1}% 11
\BOOKMARK [2][-]{subsection.1.8}{\376\377\000P\000a\000l\000a\000b\000r\000a\000\040\000r\000e\000c\000i\000b\000i\000d\000a\000\040\0001\000:\000\040\0000\000x\000A\0005\000D\0009\000A\0006}{section.1}% 12
\BOOKMARK [3][-]{subsubsection.1.8.1}{\376\377\000C\000a\000s\000o\000\040\0001}{subsection.1.8}% 13
\BOOKMARK [3][-]{subsubsection.1.8.2}{\376\377\000C\000a\000s\000o\000\040\0002}{subsection.1.8}% 14
\BOOKMARK [2][-]{subsection.1.9}{\376\377\000P\000a\000l\000a\000b\000r\000a\000\040\000r\000e\000c\000i\000b\000i\000d\000a\000\040\0002\000:\000\040\0000\000x\000A\0005\000F\0009\000A\0004}{section.1}% 15
\BOOKMARK [3][-]{subsubsection.1.9.1}{\376\377\000C\000a\000s\000o\000\040\0001}{subsection.1.9}% 16
\BOOKMARK [3][-]{subsubsection.1.9.2}{\376\377\000C\000a\000s\000o\000\040\0002}{subsection.1.9}% 17
\BOOKMARK [3][-]{subsubsection.1.9.3}{\376\377\000C\000a\000s\000o\000\040\0003}{subsection.1.9}% 18
\BOOKMARK [3][-]{subsubsection.1.9.4}{\376\377\000C\000a\000s\000o\000\040\0004}{subsection.1.9}% 19
\BOOKMARK [2][-]{subsection.1.10}{\376\377\000P\000a\000l\000a\000b\000r\000a\000\040\000r\000e\000c\000i\000b\000i\000d\000a\000\040\0003\000:\000\040\0000\000x\000A\0005\000C\0009\000A\000A}{section.1}% 20
\BOOKMARK [3][-]{subsubsection.1.10.1}{\376\377\000C\000a\000s\000o\000\040\0001}{subsection.1.10}% 21
\BOOKMARK [3][-]{subsubsection.1.10.2}{\376\377\000C\000a\000s\000o\000\040\0002}{subsection.1.10}% 22
\BOOKMARK [3][-]{subsubsection.1.10.3}{\376\377\000C\000a\000s\000o\000\040\0003}{subsection.1.10}% 23
\BOOKMARK [3][-]{subsubsection.1.10.4}{\376\377\000C\000a\000s\000o\000\040\0004}{subsection.1.10}% 24
\BOOKMARK [1][-]{section.2}{\376\377\000P\000a\000r\000t\000e\000\040\000B\000\040\040\024\000\040\000M\000o\000d\000e\000l\000o\000\040\000d\000e\000\040\000r\000e\000f\000e\000r\000e\000n\000c\000i\000a\000\040\000e\000n\000\040\000s\000o\000f\000t\000w\000a\000r\000e}{}% 25
\BOOKMARK [2][-]{subsection.2.1}{\376\377\000C\000o\000d\000i\000f\000i\000c\000a\000d\000o\000r\000\040\000y\000\040\000d\000e\000c\000o\000d\000i\000f\000i\000c\000a\000d\000o\000r\000\040\000d\000e\000\040\000r\000e\000f\000e\000r\000e\000n\000c\000i\000a}{section.2}% 26
\BOOKMARK [2][-]{subsection.2.2}{\376\377\000C\000a\000r\000a\000c\000t\000e\000r\000i\000z\000a\000c\000i\000\363\000n\000\040\000d\000e\000l\000\040\000d\000e\000c\000o\000d\000i\000f\000i\000c\000a\000d\000o\000r}{section.2}% 27
\BOOKMARK [2][-]{subsection.2.3}{\376\377\000C\000l\000a\000s\000e\000\040\000G\000a\000l\000o\000i\000s\000F\000i\000e\000l\000d\000\040\000e\000n\000\040\000G\000F\000\050\0002\000\051}{section.2}% 28
\BOOKMARK [2][-]{subsection.2.4}{\376\377\000C\000o\000d\000i\000f\000i\000c\000a\000d\000o\000r\000\040\000y\000\040\000d\000e\000c\000o\000d\000i\000f\000i\000c\000a\000d\000o\000r\000\040\000d\000e\000\040\000r\000e\000f\000e\000r\000e\000n\000c\000i\000a}{section.2}% 29
\BOOKMARK [2][-]{subsection.2.5}{\376\377\000C\000a\000r\000a\000c\000t\000e\000r\000i\000z\000a\000c\000i\000\363\000n\000\040\000d\000e\000l\000\040\000d\000e\000c\000o\000d\000i\000f\000i\000c\000a\000d\000o\000r}{section.2}% 30
\BOOKMARK [1][-]{section.3}{\376\377\000P\000a\000r\000t\000e\000\040\000C\000\040\040\024\000\040\000I\000m\000p\000l\000e\000m\000e\000n\000t\000a\000c\000i\000\363\000n\000\040\000R\000T\000L}{}% 31
\BOOKMARK [2][-]{subsection.3.1}{\376\377\000D\000e\000s\000a\000r\000r\000o\000l\000l\000o\000\040\000y\000\040\000v\000e\000r\000i\000f\000i\000c\000a\000c\000i\000\363\000n\000\040\000d\000e\000\040\000m\000\363\000d\000u\000l\000o\000s\000\040\000c\000o\000m\000u\000n\000e\000s}{section.3}% 32
\BOOKMARK [2][-]{subsection.3.2}{\376\377\000A\000n\000a\000l\000i\000s\000i\000s\000:\000\040\000P\000o\000s\000i\000b\000l\000e\000\040\000m\000o\000d\000i\000f\000i\000c\000a\000c\000i\000o\000n\000\040\000d\000e\000l\000\040\000d\000e\000c\000o\000d\000e\000r}{section.3}% 33
\BOOKMARK [2][-]{subsection.3.3}{\376\377\000I\000m\000p\000l\000e\000m\000e\000n\000t\000a\000c\000i\000\363\000n\000\040\000R\000T\000L\000\040\000d\000e\000l\000\040\000e\000n\000c\000o\000d\000e\000r}{section.3}% 34
\BOOKMARK [2][-]{subsection.3.4}{\376\377\000R\000e\000s\000u\000m\000e\000n\000\040\000d\000e\000l\000\040\000e\000n\000c\000o\000d\000e\000r}{section.3}% 35
\BOOKMARK [2][-]{subsection.3.5}{\376\377\000V\000a\000l\000i\000d\000a\000c\000i\000\363\000n\000\040\000d\000e\000l\000\040\000e\000n\000c\000o\000d\000e\000r}{section.3}% 36
\BOOKMARK [2][-]{subsection.3.6}{\376\377\000I\000m\000p\000l\000e\000m\000e\000n\000t\000a\000c\000i\000\363\000n\000\040\000R\000T\000L\000\040\000d\000e\000l\000\040\000d\000e\000c\000o\000d\000e\000r}{section.3}% 37
\BOOKMARK [2][-]{subsection.3.7}{\376\377\000R\000e\000s\000u\000m\000e\000n\000\040\000d\000e\000l\000\040\000d\000e\000c\000o\000d\000e\000r}{section.3}% 38
\BOOKMARK [2][-]{subsection.3.8}{\376\377\000V\000a\000l\000i\000d\000a\000c\000i\000o\000n\000\040\000d\000e\000l\000\040\000d\000e\000c\000o\000d\000e\000r}{section.3}% 39
\BOOKMARK [2][-]{subsection.3.9}{\376\377\000C\000o\000r\000r\000e\000c\000c\000i\000\363\000n\000e\000s\000\040\000e\000n\000\040\000e\000l\000\040\000d\000e\000c\000o\000d\000e\000r}{section.3}% 40
\BOOKMARK [2][-]{subsection.3.10}{\376\377\000I\000n\000t\000e\000g\000r\000a\000c\000i\000\363\000n\000\040\000d\000e\000l\000\040\000t\000o\000p\000\040\000l\000e\000v\000e\000l}{section.3}% 41
\BOOKMARK [2][-]{subsection.3.11}{\376\377\000V\000e\000r\000i\000f\000i\000c\000a\000c\000i\000\363\000n\000\040\000d\000e\000l\000\040\000t\000o\000p\000\040\000l\000e\000v\000e\000l}{section.3}% 42
