#-----------------------------------------------------------
# Vivado v2025.2 (64-bit)
# SW Build 6299465 on Fri Nov 14 12:34:56 MST 2025
# IP Build 6300035 on Fri Nov 14 10:48:45 MST 2025
# SharedData Build 6298862 on Thu Nov 13 04:50:51 MST 2025
# Start of session at: Fri Aug 21 18:15:00 2026
# Process ID         : 47208
# Current directory  : /home/abel/Desktop/desktop/FEC/labs/lab2/code/proj
# Command line       : vivado
# Log file           : /home/abel/Desktop/desktop/FEC/labs/lab2/code/proj/vivado.log
# Journal file       : /home/abel/Desktop/desktop/FEC/labs/lab2/code/proj/vivado.jou
# Running On         : asus
# Platform           : Ubuntu
# Operating System   : Ubuntu 24.04.4 LTS
# Processor Detail   : 11th Gen Intel(R) Core(TM) i5-1135G7 @ 2.40GHz
# CPU Frequency      : 1054.318 MHz
# CPU Physical cores : 4
# CPU Logical cores  : 8
# Host memory        : 8006 MB
# Swap memory        : 4294 MB
# Total Virtual      : 12301 MB
# Available Virtual  : 6701 MB
#-----------------------------------------------------------
start_gui
create_project golay_encoder . -part xc7a35ticsg324-1L
set_property board_part digilentinc.com:arty-a7-35:part0:1.0 [current_project]
add_files -norecurse /home/abel/Desktop/desktop/FEC/labs/lab2/code/rtl/golay_encoder.sv
update_compile_order -fileset sources_1
set_property SOURCE_SET sources_1 [get_filesets sim_1]
add_files -fileset sim_1 -norecurse {/home/abel/Desktop/desktop/FEC/labs/lab2/code/tb/tb_golay_encoder_1.sv /home/abel/Desktop/desktop/FEC/labs/lab2/code/tb/tb_golay_encoder.sv}
update_compile_order -fileset sim_1
launch_simulation
source tb_golay_encode.tcl
update_compile_order -fileset sim_1
close_sim -f
# Disabling source management mode.  This is to allow the top design properties to be set without GUI intervention.
set_property source_mgmt_mode None [current_project]
set_property top tb_golay_encoder_1 [get_filesets sim_1]
set_property top_lib xil_defaultlib [get_filesets sim_1]
# Re-enabling previously disabled source management mode.
set_property source_mgmt_mode All [current_project]
update_compile_order -fileset sim_1
launch_simulation
source tb_golay_encoder_1.tcl
close_sim -force
