#-----------------------------------------------------------
# Vivado v2025.2 (64-bit)
# SW Build 6299465 on Fri Nov 14 12:34:56 MST 2025
# IP Build 6300035 on Fri Nov 14 10:48:45 MST 2025
# SharedData Build 6298862 on Thu Nov 13 04:50:51 MST 2025
# Start of session at: Fri Aug 21 19:38:02 2026
# Process ID         : 54040
# Current directory  : /home/abel/Desktop/desktop/FEC/labs/lab2/code/proj
# Command line       : vivado golay_encoder.xpr
# Log file           : /home/abel/Desktop/desktop/FEC/labs/lab2/code/proj/vivado.log
# Journal file       : /home/abel/Desktop/desktop/FEC/labs/lab2/code/proj/vivado.jou
# Running On         : asus
# Platform           : Ubuntu
# Operating System   : Ubuntu 24.04.4 LTS
# Processor Detail   : 11th Gen Intel(R) Core(TM) i5-1135G7 @ 2.40GHz
# CPU Frequency      : 3049.903 MHz
# CPU Physical cores : 4
# CPU Logical cores  : 8
# Host memory        : 8006 MB
# Swap memory        : 4294 MB
# Total Virtual      : 12301 MB
# Available Virtual  : 7381 MB
#-----------------------------------------------------------
start_gui
open_project golay_encoder.xpr
update_compile_order -fileset sources_1
launch_simulation
source tb_golay_encoder_1.tcl
close_sim -f
launch_simulation
source tb_golay_encoder_1.tcl
close_sim -force
launch_simulation
source tb_golay_encoder_1.tcl
close_sim -force
launch_simulation
source tb_golay_encoder_1.tcl
close_sim -f
launch_simulation
source tb_golay_encoder_1.tcl
close_sim -force
